// Jest Snapshot v1, https://goo.gl/fbAQLP

exports[`HomePage matches the snapshot 1`] = `
ShallowWrapper {
  "length": 1,
  Symbol(enzyme.__root__): [Circular],
  Symbol(enzyme.__unrendered__): <HomePage />,
  Symbol(enzyme.__renderer__): Object {
    "batchedUpdates": [Function],
    "getNode": [Function],
    "render": [Function],
    "simulateEvent": [Function],
    "unmount": [Function],
  },
  Symbol(enzyme.__node__): Object {
    "instance": null,
    "key": undefined,
    "nodeType": "host",
    "props": Object {
      "children": Array [
        <h2>
          HomePage
</h2>,
        <List>
          <ListItem>
                    <Link
                              replace={false}
                              to="/account/login"
                    >
                              Go to Login Page
                    </Link>
          </ListItem>
</List>,
      ],
    },
    "ref": null,
    "rendered": Array [
      Object {
        "instance": null,
        "key": undefined,
        "nodeType": "host",
        "props": Object {
          "children": "HomePage",
        },
        "ref": null,
        "rendered": "HomePage",
        "type": "h2",
      },
      Object {
        "instance": null,
        "key": undefined,
        "nodeType": "class",
        "props": Object {
          "children": <ListItem>
            <Link
                        replace={false}
                        to="/account/login"
            >
                        Go to Login Page
            </Link>
</ListItem>,
        },
        "ref": null,
        "rendered": Object {
          "instance": null,
          "key": undefined,
          "nodeType": "class",
          "props": Object {
            "children": <Link
              replace={false}
              to="/account/login"
>
              Go to Login Page
</Link>,
          },
          "ref": null,
          "rendered": Object {
            "instance": null,
            "key": undefined,
            "nodeType": "class",
            "props": Object {
              "children": "Go to Login Page",
              "replace": false,
              "to": "/account/login",
            },
            "ref": null,
            "rendered": "Go to Login Page",
            "type": [Function],
          },
          "type": [Function],
        },
        "type": [Function],
      },
    ],
    "type": "div",
  },
  Symbol(enzyme.__nodes__): Array [
    Object {
      "instance": null,
      "key": undefined,
      "nodeType": "host",
      "props": Object {
        "children": Array [
          <h2>
            HomePage
</h2>,
          <List>
            <ListItem>
                        <Link
                                    replace={false}
                                    to="/account/login"
                        >
                                    Go to Login Page
                        </Link>
            </ListItem>
</List>,
        ],
      },
      "ref": null,
      "rendered": Array [
        Object {
          "instance": null,
          "key": undefined,
          "nodeType": "host",
          "props": Object {
            "children": "HomePage",
          },
          "ref": null,
          "rendered": "HomePage",
          "type": "h2",
        },
        Object {
          "instance": null,
          "key": undefined,
          "nodeType": "class",
          "props": Object {
            "children": <ListItem>
              <Link
                            replace={false}
                            to="/account/login"
              >
                            Go to Login Page
              </Link>
</ListItem>,
          },
          "ref": null,
          "rendered": Object {
            "instance": null,
            "key": undefined,
            "nodeType": "class",
            "props": Object {
              "children": <Link
                replace={false}
                to="/account/login"
>
                Go to Login Page
</Link>,
            },
            "ref": null,
            "rendered": Object {
              "instance": null,
              "key": undefined,
              "nodeType": "class",
              "props": Object {
                "children": "Go to Login Page",
                "replace": false,
                "to": "/account/login",
              },
              "ref": null,
              "rendered": "Go to Login Page",
              "type": [Function],
            },
            "type": [Function],
          },
          "type": [Function],
        },
      ],
      "type": "div",
    },
  ],
  Symbol(enzyme.__options__): Object {
    "adapter": ReactSixteenAdapter {
      "options": Object {
        "enableComponentDidUpdateOnSetState": true,
      },
    },
  },
}
`;
